// Jest Snapshot v1, https://goo.gl/fbAQLP

exports[`<AddToCart /> render correctly 1`] = `
<button
  disabled={false}
  onClick={[Function]}
>
  Add
   to CartðŸ›’
</button>
`;
