// Jest Snapshot v1, https://goo.gl/fbAQLP

exports[`<Cart /> renders correctly 1`] = `null`;
